// Jest Snapshot v1, https://goo.gl/fbAQLP

exports[`Testing the users interface Renders snapshot as expected 1`] = `
<View
  accessible={true}
  focusable={false}
  onClick={[Function]}
  onResponderGrant={[Function]}
  onResponderMove={[Function]}
  onResponderRelease={[Function]}
  onResponderTerminate={[Function]}
  onResponderTerminationRequest={[Function]}
  onStartShouldSetResponder={[Function]}
  style={
    Object {
      "backgroundColor": "#46c6eb",
      "borderColor": "#46c6eb",
      "borderRadius": 5,
      "borderWidth": 0,
      "opacity": 1,
      "paddingHorizontal": 15,
      "paddingVertical": 10,
    }
  }
>
  <Text
    style={
      Array [
        Object {
          "alignSelf": "center",
          "color": "#fff",
          "fontFamily": "Muli-Bold",
          "fontSize": 14,
          "fontWeight": "500",
        },
      ]
    }
  />
</View>
`;
